
Running 42 tests using 1 worker

(node:34491) Warning: The 'NO_COLOR' env is ignored due to the 'FORCE_COLOR' env being set.
(Use `node --trace-warnings ...` to show where the warning was created)


[1/42] [chromium] › tests/e2e/battle-production.spec.ts:35:5 › B3 complete production battle sequence and all native scales
[2/42] [chromium] › tests/e2e/battle-production.spec.ts:56:5 › B3 Engineer and Visitor Parties retain all six projects and production scene roles
[3/42] [chromium] › tests/e2e/battle-production.spec.ts:62:5 › B3 physical scene and React layers remain crisp at DPR 2 and 3 with nondivisible scales
[4/42] [chromium] › tests/e2e/battle-production.spec.ts:66:5 › B3 main-game dedicated scene sleeps the world and EXIT restores the exact anchor
[5/42] [chromium] › tests/e2e/battle-production.spec.ts:84:5 › B3 every authored project has a production battle emblem and a readable plate
[6/42] [chromium] › tests/e2e/battle.spec.ts:34:5 › audience selector resolves the six-project party for each audience
[7/42] [chromium] › tests/e2e/battle.spec.ts:46:5 › keyboard completes authored Recruiter interview, switches party project, opens root LINK, and exits
[8/42] [chromium] › tests/e2e/battle.spec.ts:134:5 › touch-only controls open and read an authored topic
[9/42] [chromium] › tests/e2e/battle.spec.ts:167:5 › Battle UI provides audience content for every authored active project
[10/42] [chromium] › tests/e2e/final-world.spec.ts:166:5 › P9 continuous camera crosses the former boundary and renders the expanded world crisply
[11/42] [chromium] › tests/e2e/final-world.spec.ts:235:5 › P9 three automatic doors, exact return, flavor, discoveries and persistence
[12/42] [chromium] › tests/e2e/final-world.spec.ts:341:5 › P9 real-time visual checkpoint: town center through old boundary without a room transition
[13/42] [chromium] › tests/e2e/final-world.spec.ts:432:5 › P8 regression: semantic routes, all project pages and actual PDF remain available without JS
[14/42] [chromium] › tests/e2e/foundation.spec.ts:4:5 › foundation device-pixel scaling and review captures
[15/42] [chromium] › tests/e2e/m1-flow.spec.ts:167:5 › M1 golden path: intro, automatic LOS, authored interview, exact return, repeat and refresh
[16/42] [chromium] › tests/e2e/m1-flow.spec.ts:264:5 › unmount during a running first encounter cleans up to a fresh playable title
[17/42] [chromium] › tests/e2e/m1-flow.spec.ts:280:5 › route changes abort dialogue, VS, battle wipe, and battle without locking the next world
[18/42] [chromium] › tests/e2e/m1-flow.spec.ts:325:5 › walking onto the main doorway triggers transition and interior without Enter/A, preserving return point
[19/42] [chromium] › tests/e2e/opening-production.spec.ts:14:5 › B2 complete opening sequence, native scale evidence and returning-user persistence
[20/42] [chromium] › tests/e2e/opening-production.spec.ts:41:5 › B2 Engineer and Visitor VS portraits retain locked palettes
[21/42] [chromium] › tests/e2e/overworld-art.spec.ts:29:5 › original world atlases load, show native silhouettes, and render at integer scales
[22/42] [chromium] › tests/e2e/portfolio-menus.spec.ts:66:37 › P7 keyboard: every direct path, nested focus, options, links and EXIT
[23/42] [chromium] › tests/e2e/portfolio-menus.spec.ts:66:37 › P7 touch: every direct path, nested focus, options, links and EXIT
[24/42] [chromium] › tests/e2e/portfolio-menus.spec.ts:89:37 › P7 keyboard direct Y opens the actual resume PDF immediately and safely
[25/42] [chromium] › tests/e2e/portfolio-menus.spec.ts:89:37 › P7 touch direct Y opens the actual resume PDF immediately and safely
[26/42] [chromium] › tests/e2e/portfolio-menus.spec.ts:96:5 › P7 X/Y are available before tutorial completion and inert throughout the actual P6 encounter, audience, VS and battle
[27/42] [chromium] › tests/e2e/portfolio-production.spec.ts:23:5 › B4 production menu screens: native, 3x, 4x, catalogue, paging, options and EXIT
[28/42] [chromium] › tests/e2e/portfolio-production.spec.ts:34:5 › B4 direct Y to Resume, external profiles, unsafe/failed resources and semantic fallbacks
[29/42] [chromium] › tests/e2e/portfolio-production.spec.ts:40:5 › B4 touch intent parity, external controller clearance and menu pixel raster at DPR 3
[30/42] [chromium] › tests/e2e/remediation.spec.ts:7:5 › integrated foundation: exact text pixels, palette and native composition across DPR × scale
[31/42] [chromium] › tests/e2e/remediation.spec.ts:45:5 › touch safe-area, hit targets, spacing, gating and outside-surface placement
[32/42] [chromium] › tests/e2e/remediation.spec.ts:65:5 › dark cursor, stepped transition captures, reduced motion and accessible text
[33/42] [chromium] › tests/e2e/remediation.spec.ts:78:5 › AUTO hides controls on fine-pointer laptops until the first touch on the game surface
[34/42] [chromium] › tests/e2e/remediation.spec.ts:82:5 › original controller art at m=3 and m=4: every pressed state, multi-touch and dialogue gating
  1) [chromium] › tests/e2e/remediation.spec.ts:82:5 › original controller art at m=3 and m=4: every pressed state, multi-touch and dialogue gating 

    Error: page.goto: net::ERR_CONNECTION_REFUSED at http://127.0.0.1:3100/dev/kit?controller=3&mode=dialogue
    Call log:
      - navigating to "http://127.0.0.1:3100/dev/kit?controller=3&mode=dialogue", waiting until "load"


      92 |   const up=(await page.locator('[data-action="UP"]').boundingBox())!,a=(await page.locator('[data-action="A"]').boundingBox())!;
      93 |   await cdp.send('Input.dispatchTouchEvent',{type:'touchStart',touchPoints:[{id:1,x:up.x+up.width/2,y:up.y+up.height/2},{id:2,x:a.x+a.width/2,y:a.y+a.height/2}]});await expect(page.locator('[data-action="UP"]')).toHaveCSS('opacity','1');await expect(page.locator('[data-action="A"]')).toHaveCSS('opacity','1');await cdp.send('Input.dispatchTouchEvent',{type:'touchEnd',touchPoints:[]});
    > 94 |   await page.goto(`/dev/kit?controller=${m}&mode=dialogue`);await expect(page.locator('[data-action="X"]')).toHaveAttribute('aria-disabled','true');await expect(page.locator('[data-action="Y"]')).toHaveAttribute('aria-disabled','true');await page.screenshot({path:`${out}/m${m}-dimmed.png`});
         |              ^
      95 |   const x=await page.locator('[data-action="X"]').boundingBox();await page.touchscreen.tap(x!.x+x!.width/2,x!.y+x!.height/2);await expect(page.locator('[data-action="X"]')).toHaveCSS('opacity','0.5');
      96 |  }
      97 |  await context.close();
        at /home/menma/Downloads/Portfolio/tests/e2e/remediation.spec.ts:94:14

    Error Context: test-results/remediation-original-contr-2787c-i-touch-and-dialogue-gating-chromium/error-context.md


(node:37402) Warning: The 'NO_COLOR' env is ignored due to the 'FORCE_COLOR' env being set.
(Use `node --trace-warnings ...` to show where the warning was created)


[35/42] [chromium] › tests/e2e/smoke.spec.ts:3:5 › has title and game shell mounts
  2) [chromium] › tests/e2e/smoke.spec.ts:3:5 › has title and game shell mounts ────────────────────

    Error: page.goto: net::ERR_CONNECTION_REFUSED at http://127.0.0.1:3100/
    Call log:
      - navigating to "http://127.0.0.1:3100/", waiting until "load"


      2 |
      3 | test('has title and game shell mounts', async ({ page }) => {
    > 4 |   await page.goto('/');
        |              ^
      5 |
      6 |   // Check the title matches the project (Next.js default, to be updated)
      7 |   await expect(page).toHaveTitle(/Create Next App|Portfolio|Pokefolio/);
        at /home/menma/Downloads/Portfolio/tests/e2e/smoke.spec.ts:4:14

    Error Context: test-results/smoke-has-title-and-game-shell-mounts-chromium/error-context.md


(node:37490) Warning: The 'NO_COLOR' env is ignored due to the 'FORCE_COLOR' env being set.
(Use `node --trace-warnings ...` to show where the warning was created)


[36/42] [chromium] › tests/e2e/text-spike.spec.ts:7:5 › isolated rendering spike: DPR 1–3 × native scales 1–8
  3) [chromium] › tests/e2e/text-spike.spec.ts:7:5 › isolated rendering spike: DPR 1–3 × native scales 1–8 

    Error: page.goto: net::ERR_CONNECTION_REFUSED at http://127.0.0.1:3100/dev/text-spike?n=1
    Call log:
      - navigating to "http://127.0.0.1:3100/dev/text-spike?n=1", waiting until "load"


      13 |     const page=await context.newPage();
      14 |     for (let n=1;n<=8;n++) {
    > 15 |       await page.goto(`/dev/text-spike?n=${n}`);
         |                  ^
      16 |       await expect(page.locator('main')).toHaveAttribute('data-ready','true');
      17 |       await page.evaluate(()=>document.fonts.ready);
      18 |       const expected=rasterText(text,128,48,n,palette.text,palette.cream,palette.shadow);
        at /home/menma/Downloads/Portfolio/tests/e2e/text-spike.spec.ts:15:18

    Error Context: test-results/text-spike-isolated-render-03833-DPR-1–3-×-native-scales-1–8-chromium/error-context.md


(node:37581) Warning: The 'NO_COLOR' env is ignored due to the 'FORCE_COLOR' env being set.
(Use `node --trace-warnings ...` to show where the warning was created)


[37/42] [chromium] › tests/e2e/viewport.spec.ts:40:5 › desktop and small/mobile viewports use centered integer 3:2 scaling
  4) [chromium] › tests/e2e/viewport.spec.ts:40:5 › desktop and small/mobile viewports use centered integer 3:2 scaling 

    Error: page.goto: net::ERR_CONNECTION_REFUSED at http://127.0.0.1:3100/
    Call log:
      - navigating to "http://127.0.0.1:3100/", waiting until "load"


      39 |
      40 | test('desktop and small/mobile viewports use centered integer 3:2 scaling', async ({ page }) => {
    > 41 |   await page.goto('/');
         |              ^
      42 |   await expect(page.getByRole('main', { name: 'Game title' })).toBeVisible();
      43 |
      44 |   await expectViewportGeometry(page, 1280, 720, 4);
        at /home/menma/Downloads/Portfolio/tests/e2e/viewport.spec.ts:41:14

    Error Context: test-results/viewport-desktop-and-small-cbba5-entered-integer-3-2-scaling-chromium/error-context.md


(node:37674) Warning: The 'NO_COLOR' env is ignored due to the 'FORCE_COLOR' env being set.
(Use `node --trace-warnings ...` to show where the warning was created)


[38/42] [chromium] › tests/e2e/world.spec.ts:12:5 › original overworld matches the fixed 240×160 logical screen at 1x, 2x, and 3x
  5) [chromium] › tests/e2e/world.spec.ts:12:5 › original overworld matches the fixed 240×160 logical screen at 1x, 2x, and 3x 

    Error: page.goto: net::ERR_CONNECTION_REFUSED at http://127.0.0.1:3100/dev/world
    Call log:
      - navigating to "http://127.0.0.1:3100/dev/world", waiting until "load"


      11 |
      12 | test('original overworld matches the fixed 240×160 logical screen at 1x, 2x, and 3x', async ({ page }) => {
    > 13 |   await page.goto('/dev/world');
         |              ^
      14 |   const viewport = page.getByRole('region', { name: 'World viewport' });
      15 |   const canvas = viewport.locator('canvas');
      16 |   await expect(canvas).toBeVisible();
        at /home/menma/Downloads/Portfolio/tests/e2e/world.spec.ts:13:14

    Error Context: test-results/world-original-overworld-m-cd8f7-ical-screen-at-1x-2x-and-3x-chromium/error-context.md


(node:37766) Warning: The 'NO_COLOR' env is ignored due to the 'FORCE_COLOR' env being set.
(Use `node --trace-warnings ...` to show where the warning was created)


[39/42] [chromium] › tests/e2e/world.spec.ts:25:5 › paused test room keeps a fixed pixel-render baseline
  6) [chromium] › tests/e2e/world.spec.ts:25:5 › paused test room keeps a fixed pixel-render baseline 

    Error: page.goto: net::ERR_CONNECTION_REFUSED at http://127.0.0.1:3100/dev/world
    Call log:
      - navigating to "http://127.0.0.1:3100/dev/world", waiting until "load"


      24 |
      25 | test('paused test room keeps a fixed pixel-render baseline', async ({ page }) => {
    > 26 |   await page.goto('/dev/world');
         |              ^
      27 |   await expect(page.getByRole('status')).toContainText('Map test-town');
      28 |   await page.getByRole('button', { name: 'Pause world' }).click();
      29 |   await expect(page.getByRole('button', { name: 'Resume world' })).toBeEnabled();
        at /home/menma/Downloads/Portfolio/tests/e2e/world.spec.ts:26:14

    Error Context: test-results/world-paused-test-room-keeps-a-fixed-pixel-render-baseline-chromium/error-context.md


(node:37856) Warning: The 'NO_COLOR' env is ignored due to the 'FORCE_COLOR' env being set.
(Use `node --trace-warnings ...` to show where the warning was created)


[40/42] [chromium] › tests/e2e/world.spec.ts:33:5 › world room supports walk, NPC Enter interaction, automatic doorway, interior return, and pause/resume
  7) [chromium] › tests/e2e/world.spec.ts:33:5 › world room supports walk, NPC Enter interaction, automatic doorway, interior return, and pause/resume 

    Error: page.goto: net::ERR_CONNECTION_REFUSED at http://127.0.0.1:3100/dev/world
    Call log:
      - navigating to "http://127.0.0.1:3100/dev/world", waiting until "load"


      32 |
      33 | test('world room supports walk, NPC Enter interaction, automatic doorway, interior return, and pause/resume', async ({ page }) => {
    > 34 |   await page.goto('/dev/world');
         |              ^
      35 |   const status = page.getByRole('status');
      36 |   const state = page.getByRole('region', { name: 'World controls' });
      37 |   await expect(page.locator('canvas:not([data-bitmap])')).toBeVisible();
        at /home/menma/Downloads/Portfolio/tests/e2e/world.spec.ts:34:14

    Error Context: test-results/world-world-room-supports--f4bf7-ior-return-and-pause-resume-chromium/error-context.md


(node:37949) Warning: The 'NO_COLOR' env is ignored due to the 'FORCE_COLOR' env being set.
(Use `node --trace-warnings ...` to show where the warning was created)


[41/42] [chromium] › tests/e2e/world.spec.ts:79:5 › touch controls send the same movement and interaction intents to WorldSim
  8) [chromium] › tests/e2e/world.spec.ts:79:5 › touch controls send the same movement and interaction intents to WorldSim 

    Error: page.goto: net::ERR_CONNECTION_REFUSED at http://127.0.0.1:3100/dev/world
    Call log:
      - navigating to "http://127.0.0.1:3100/dev/world", waiting until "load"


      79 | test('touch controls send the same movement and interaction intents to WorldSim', async ({ browser }) => {
      80 |   const context=await browser.newContext({viewport:{width:390,height:844},hasTouch:true});const page=await context.newPage();const cdp=await context.newCDPSession(page);
    > 81 |   await page.goto('/dev/world');
         |              ^
      82 |   const state = page.getByRole('region', { name: 'World controls' });
      83 |   const moveRight = page.getByRole('button', { name: 'Move right' });
      84 |   await expect(state).toContainText('Player tile: 7,5');
        at /home/menma/Downloads/Portfolio/tests/e2e/world.spec.ts:81:14

    Error Context: test-results/world-touch-controls-send--feec6-raction-intents-to-WorldSim-chromium/error-context.md


(node:38267) Warning: The 'NO_COLOR' env is ignored due to the 'FORCE_COLOR' env being set.
(Use `node --trace-warnings ...` to show where the warning was created)


[42/42] [chromium] › tests/e2e/world.spec.ts:95:5 › non-world routes do not request the dynamically loaded Phaser module
  9) [chromium] › tests/e2e/world.spec.ts:95:5 › non-world routes do not request the dynamically loaded Phaser module 

    Error: page.goto: net::ERR_CONNECTION_REFUSED at http://127.0.0.1:3100/dev/battle
    Call log:
      - navigating to "http://127.0.0.1:3100/dev/battle", waiting until "load"


       98 |     if (request.resourceType() === 'script') scriptRequests.push(request.url());
       99 |   });
    > 100 |   await page.goto('/dev/battle');
          |              ^
      101 |   await expect(page.getByRole('button', { name: 'Start battle' })).toBeVisible();
      102 |   await expect.poll(() => scriptRequests.length).toBeGreaterThan(0);
      103 |   expect(scriptRequests.some((url) => /phaser|worldscene/i.test(url))).toBe(false);
        at /home/menma/Downloads/Portfolio/tests/e2e/world.spec.ts:100:14

    Error Context: test-results/world-non-world-routes-do--424de-ically-loaded-Phaser-module-chromium/error-context.md


  9 failed
    [chromium] › tests/e2e/remediation.spec.ts:82:5 › original controller art at m=3 and m=4: every pressed state, multi-touch and dialogue gating 
    [chromium] › tests/e2e/smoke.spec.ts:3:5 › has title and game shell mounts ─────────────────────
    [chromium] › tests/e2e/text-spike.spec.ts:7:5 › isolated rendering spike: DPR 1–3 × native scales 1–8 
    [chromium] › tests/e2e/viewport.spec.ts:40:5 › desktop and small/mobile viewports use centered integer 3:2 scaling 
    [chromium] › tests/e2e/world.spec.ts:12:5 › original overworld matches the fixed 240×160 logical screen at 1x, 2x, and 3x 
    [chromium] › tests/e2e/world.spec.ts:25:5 › paused test room keeps a fixed pixel-render baseline 
    [chromium] › tests/e2e/world.spec.ts:33:5 › world room supports walk, NPC Enter interaction, automatic doorway, interior return, and pause/resume 
    [chromium] › tests/e2e/world.spec.ts:79:5 › touch controls send the same movement and interaction intents to WorldSim 
    [chromium] › tests/e2e/world.spec.ts:95:5 › non-world routes do not request the dynamically loaded Phaser module 
  33 passed (10.7m)
